/get?key=a
first record
/get?key=b
third
/get?key=c
d
/get?key=m
n
/get?key=o
p
/get?key=zzzzzzzzzzzzzzzzzzzzzzzz
almost-sleepy
/get?key=zzzzzzzzzzzzzzzzzzzzzzzzz
very-sleepy
/get?key=zzzzzzzzzzzzzzzzzzzzzzzzzz
already-asleep
db reloaded
/get?key=a (should be a new key 'new db')
new db
/get?key=b not found
