key should not exist
{ "status": "error", "code": 7, "message": "no record found" }
key should exist
{ "status": "ok", "value": "1001" }
should return 1005, 1007, 1009
{ "results": [ { "a1005": "1005" }, { "a1007": "1007" }, { "a1009": "1009" } ], "status": "ok" }
set of odd data
{ "status": "ok", "value": "<>&this=that{} +*" }
should == '<>&this=that{} +*'
{ "status": "ok", "value": "<>&this=that{} +*" }
{ "status": "ok" }
test mget
{ "status": "ok", "value": "mget_value_A" }
{ "status": "ok", "value": "mget_value_B" }
test mget format=json
{ "mget_key_A": "mget_value_A" }
test mget format=txt
mget_key_A,mget_value_A

test mget two keys
mget_key_A,mget_value_A
mget_key_B,mget_value_B
test mget two keys (one does not exist)
mget_key_A,mget_value_A

should == '     ' not '+++++'
{ "status": "ok", "value": "      " }
{ "status": "ok", "value": "      " }
{ "status": "ok" }
key should not exist
{ "status": "error", "code": 7, "message": "no record found" }
{ "status": "ok" }
{ "status": "ok" }
value should be 6
{ "status": "ok", "value": 6 }
incr on two different keys at the same time. both values should be == 1
{ "status": "ok" }
{ "status": "ok", "value": 1 }
{ "status": "ok", "value": 1 }
set key, get key, vanish db, and get key
{ "status": "ok", "value": "asdf" }
{ "status": "ok", "value": "asdf" }
{ "status": "ok", "value": 1 }
now no key
{ "status": "error", "code": 7, "message": "no record found" }
